// Jest Snapshot v1, https://goo.gl/fbAQLP

exports[`should test Header component 1`] = `
<header>
  <h1>
    Expensify
  </h1>
  <div>
    <NavLink
      activeClassName="is-active"
      aria-current="page"
      exact={true}
      to="/dashboard"
    >
       dashboard 
    </NavLink>
    <NavLink
      activeClassName="is-active"
      aria-current="page"
      to="/create"
    >
       Create 
    </NavLink>
    <NavLink
      activeClassName="is-active"
      aria-current="page"
      to="/edit/55"
    >
       edit 
    </NavLink>
    <NavLink
      activeClassName="is-active"
      aria-current="page"
      to="/help"
    >
       help 
    </NavLink>
    <button
      onClick={[Function]}
    >
      Logout
    </button>
  </div>
</header>
`;
